// Jest Snapshot v1, https://goo.gl/fbAQLP

exports[`Counter Component Tests renders 1`] = `ShallowWrapper {}`;
